---
source: src/tui/tests/tags.rs
expression: terminal.backend()
---
"                                                                                                "
"   no tags                                                                                      "
"                                                                                                "
"                                                                                                "
"                                                                                                "
"                                                                                                "
"                                                                                                "
"                                                                                                "
"                                                                                                "
"                                                                                                "
"                                                                                                "
"                                                                                                "
"                                                                                                "
"                                                                                                "
"                                                                                                "
"                                                                                                "
"                                                                                                "
"                                                                                                "
"                                                                                                "
"                                                                                                "
"                                                                                                "
"                                                                                                "
"                                                                                                "
" bmm                                                                                            "
