---
source: src/tui/tests/terminal.rs
expression: terminal.backend()
---
"┌──────────────────────────────────────────────────────────────────────────────┐"
"│                                                                              │"
"│                           Terminal size too small:                           │"
"│                             Width = 80 Height = 24                           │"
"│                                                                              │"
"│                          Minimum dimensions needed:                          │"
"│                             Width = 96 Height = 24                           │"
"│                                                                              │"
"│                       Press (q/<ctrl+c>/<esc> to exit)                       │"
"│                                                                              │"
"│                                                                              │"
"│                                                                              │"
"│                                                                              │"
"│                                                                              │"
"│                                                                              │"
"│                                                                              │"
"│                                                                              │"
"│                                                                              │"
"│                                                                              │"
"│                                                                              │"
"│                                                                              │"
"│                                                                              │"
"│                                                                              │"
"└──────────────────────────────────────────────────────────────────────────────┘"
