---
source: src/editor/save.rs
expression: rendered
---
#      __
#     / /  __ _  __ _
#    / _ \/  ' \/  ' \
#   /_.__/_/_/_/_/_/_/
#

# https://example.com/rust

# Set this to an empty string to remove the title.
title = '''
A "quoted" title
with a second line\path'''

# Separate tags with commas. Set this to an empty string to remove all tags.
tags = "rust,tab\tvalue"
